// Jest Snapshot v1, https://goo.gl/fbAQLP

exports[`Header renders correctly 1`] = `
<DocumentFragment>
  <header
    class="c-header"
    css="[object Object]"
  >
    <div
      class="c-header__container c-container"
      css="[object Object]"
    >
      <h1
        class="c-heading c-heading--xl c-heading__no-margin"
        css="[object Object]"
      >
        Dummy title
      </h1>
    </div>
    <button
      class="c-header__more-link c-link u-clr--secondary"
      css="[object Object]"
    >
      More
    </button>
  </header>
  <div
    class="c-header-scroll"
    css="[object Object]"
  />
</DocumentFragment>
`;
