// Jest Snapshot v1, https://goo.gl/fbAQLP

exports[`Header renders correctly 1`] = `
Array [
  <header
    className="c-header"
    css={
      Object {
        "map": undefined,
        "name": "1lvjhbp",
        "next": undefined,
        "styles": "
  height: 100vh;
  width: 100vw;

  .c-header__container {
    height: 100%;
    display: flex;
    align-items: center;
    justify-content: center;
  }

  .c-header__more-link {
    position: absolute;
    transform: translate(-50%, -50%);
    left: 50%;
    bottom: 0.5rem;
  }

  @media (min-width: 0px) {
        margin-bottom: 7rem;

        .c-header__more-link {
          font-size: 1.8rem;
        }
      }@media (min-width: 768px) {
        margin-bottom: 10rem;

        .c-header__more-link {
          font-size: 2rem;
        }
      }@media (min-width: 992px) {
        margin-bottom: 13rem;

        .c-header__more-link {
          font-size: 2rem;
        }
      }@media (min-width: 1400px) {
        margin-bottom: 15rem;

        .c-header__more-link {
          font-size: 1.75rem;
        }
      }

  @media (min-width: 0px) {
    .c-heading {
      padding: 2.5rem;
      text-align: center;
    }
  }

  @media (min-width: 768px) {
    .c-heading {
      padding: 2.5rem;
    }
  }
  
  @media (min-width: 992px) {
    .c-header__more-link {
      bottom: 2.5rem
    }

    .c-heading {
      padding: unset;
    }
  }
  
  @media (min-width: 1400px) {
    .c-heading {
      text-align: left;
    }
  }
",
      }
    }
  >
    <div
      className="c-header__container c-container"
      css={
        Object {
          "map": undefined,
          "name": "3v6n4o",
          "next": undefined,
          "styles": "
  margin: 0 auto;
  width: auto;
  max-width: 100rem;
",
        }
      }
    >
      <h1
        className="c-heading c-heading--xl c-heading__no-margin"
        css={
          Object {
            "map": undefined,
            "name": "292j7n",
            "next": undefined,
            "styles": "
  font-family: 'Apercu Medium', 'Apercu Regular', 'system-ui', 'sans-serif';
  display: block;

  @media (min-width: 0px) {
          &.c-heading {
            &--xs {
              font-size: 1.8rem;
              line-height: 3rem;
              margin-bottom: 1rem;
              font-weight: 400;
            }

            &--sm {
              font-size: 2.2rem;
              line-height: 3.4rem;
              margin-bottom: 2.5rem;
              font-weight: 400;
            }

            &--md {
              font-size: 3rem;
              line-height: 4rem;
              margin-bottom: 3.5rem;
              font-weight: 400;
              letter-spacing: 0.1rem;
            }

            &--lg {
              font-size: 3.75rem;
              line-height: 5rem;
              margin-bottom: 4rem;
              letter-spacing: 0.2rem;
            }

            &--xl {
              font-weight: 500;
              font-size: 4rem;
              line-height: 5.25rem;
              margin-bottom: 7rem;
              letter-spacing: 0.3rem;
            }
          }
        }@media (min-width: 768px) {
          &.c-heading {
            &--xs {
              font-size: 2rem;
              line-height: 3rem;
              margin-bottom: 1rem;
              font-weight: 400;
            }

            &--sm {
              font-size: 2.5rem;
              line-height: 4.25rem;
              margin-bottom: 2.5rem;
              font-weight: 400;
            }

            &--md {
              font-size: 3.5rem;
              line-height: 5.25rem;
              margin-bottom: 4rem;
              font-weight: 400;
              letter-spacing: 0.1rem;
            }

            &--lg {
              font-size: 5rem;
              line-height: 7.5rem;
              margin-bottom: 6rem;
              letter-spacing: 0.2rem;
            }

            &--xl {
              font-weight: 500;
              font-size: 6rem;
              line-height: 8.5rem;
              margin-bottom: 10rem;
              letter-spacing: 0.3rem;
            }
          }
        }@media (min-width: 992px) {
          &.c-heading {
            &--xs {
              font-size: 2rem;
              line-height: 3rem;
              margin-bottom: 1rem;
              font-weight: 400;
            }

            &--sm {
              font-size: 2.5rem;
              line-height: 4.25rem;
              margin-bottom: 2.5rem;
              font-weight: 400;
            }

            &--md {
              font-size: 4rem;
              line-height: 6rem;
              margin-bottom: 4.5rem;
              font-weight: 400;
              letter-spacing: 0.1rem;
            }

            &--lg {
              font-size: 6rem;
              line-height: 9rem;
              margin-bottom: 8rem;
              letter-spacing: 0.2rem;
            }

            &--xl {
              font-weight: 500;
              font-size: 8rem;
              line-height: 10rem;
              margin-bottom: 13rem;
              letter-spacing: 0.3rem;
            }
          }
        }@media (min-width: 1400px) {
          &.c-heading {
            &--xs {
              font-size: 1.75rem;
              line-height: 3rem;
              margin-bottom: 1rem;
              font-weight: 400;
            }

            &--sm {
              font-size: 2.75rem;
              line-height: 4.5rem;
              margin-bottom: 2.5rem;
              font-weight: 400;
            }

            &--md {
              font-size: 5rem;
              line-height: 7.5rem;
              margin-bottom: 5rem;
              font-weight: 400;
              letter-spacing: 0.1rem;
            }

            &--lg {
              font-size: 7.5rem;
              line-height: 11.25rem;
              margin-bottom: 10rem;
              letter-spacing: 0.2rem;
            }

            &--xl {
              font-weight: 500;
              font-size: 10rem;
              line-height: 12rem;
              margin-bottom: 15rem;
              letter-spacing: 0.3rem;
            }
          }
        }

  &.c-heading__no-margin {
    margin-bottom: 0;
  }
",
          }
        }
      >
        Dummy title
      </h1>
    </div>
    <button
      className="c-header__more-link c-link u-clr--secondary"
      css={
        Object {
          "map": undefined,
          "name": "1xzejfk",
          "next": undefined,
          "styles": "
  font-family: 'Apercu Medium', 'Apercu Regular', 'system-ui', 'sans-serif';
  background: none;
  border: none;
  text-decoration: none;
  position: relative;
  cursor: pointer;

  &:not(.c-link--no-hover) {
    &:hover {
      &:after {
        width: 100%;
      }
    }

    &:after {
      content: '';
      width: 0;
      position: absolute;
      left: 0;
      bottom: -1rem;
      right: 0;
      height: 0.4rem;
      width: 0;
      transition: all 100ms ease-in-out;
      background-color: var(--colour-secondary);
      border-radius: 2rem;
    }
  }

  &.c-link--active {
    &:not(.c-link--no-hover) {
      &:after {
        width: 100%;
      }
    }
  }
",
        }
      }
      onClick={[Function]}
    >
      More
    </button>
  </header>,
  <div
    className="c-header-scroll"
    css={
      Object {
        "map": undefined,
        "name": "1pj91ex",
        "next": undefined,
        "styles": "
  display: block;
  width: 100%;
  height: 1px;
",
      }
    }
  />,
]
`;
